// Jest Snapshot v1, https://goo.gl/fbAQLP

exports[`App should match snapshot 1`] = `
ShallowWrapper {
  "length": 1,
  Symbol(enzyme.__root__): [Circular],
  Symbol(enzyme.__unrendered__): <App />,
  Symbol(enzyme.__renderer__): Object {
    "batchedUpdates": [Function],
    "getNode": [Function],
    "render": [Function],
    "simulateEvent": [Function],
    "unmount": [Function],
  },
  Symbol(enzyme.__node__): Object {
    "instance": null,
    "key": undefined,
    "nodeType": "host",
    "props": Object {
      "children": <UNDEFINED
        value={undefined}
      >
        <WithStyles(CssBaseline) />
        <TopBar
          title="Holiday"
        />
        <Switch>
          <Route
            render={[Function]}
          />
        </Switch>
      </UNDEFINED>,
      "className": "App",
    },
    "ref": null,
    "rendered": Object {
      "instance": null,
      "key": undefined,
      "nodeType": "function",
      "props": Object {
        "children": Array [
          <WithStyles(CssBaseline) />,
          <TopBar
            title="Holiday"
          />,
          <Switch>
            <Route
              render={[Function]}
            />
          </Switch>,
        ],
        "value": undefined,
      },
      "ref": null,
      "rendered": Array [
        Object {
          "instance": null,
          "key": undefined,
          "nodeType": "class",
          "props": Object {},
          "ref": null,
          "rendered": null,
          "type": [Function],
        },
        Object {
          "instance": null,
          "key": undefined,
          "nodeType": "class",
          "props": Object {
            "title": "Holiday",
          },
          "ref": null,
          "rendered": null,
          "type": [Function],
        },
        Object {
          "instance": null,
          "key": undefined,
          "nodeType": "class",
          "props": Object {
            "children": <Route
              render={[Function]}
            />,
          },
          "ref": null,
          "rendered": Object {
            "instance": null,
            "key": undefined,
            "nodeType": "class",
            "props": Object {
              "render": [Function],
            },
            "ref": null,
            "rendered": null,
            "type": [Function],
          },
          "type": [Function],
        },
      ],
      "type": Object {
        "$$typeof": Symbol(react.provider),
        "_context": Object {
          "$$typeof": Symbol(react.context),
          "Consumer": [Circular],
          "Provider": [Circular],
          "_calculateChangedBits": null,
          "_changedBits": 0,
          "_changedBits2": 0,
          "_currentRenderer": null,
          "_currentRenderer2": null,
          "_currentValue": undefined,
          "_currentValue2": undefined,
          "_defaultValue": undefined,
        },
      },
    },
    "type": "div",
  },
  Symbol(enzyme.__nodes__): Array [
    Object {
      "instance": null,
      "key": undefined,
      "nodeType": "host",
      "props": Object {
        "children": <UNDEFINED
          value={undefined}
        >
          <WithStyles(CssBaseline) />
          <TopBar
            title="Holiday"
          />
          <Switch>
            <Route
              render={[Function]}
            />
          </Switch>
        </UNDEFINED>,
        "className": "App",
      },
      "ref": null,
      "rendered": Object {
        "instance": null,
        "key": undefined,
        "nodeType": "function",
        "props": Object {
          "children": Array [
            <WithStyles(CssBaseline) />,
            <TopBar
              title="Holiday"
            />,
            <Switch>
              <Route
                render={[Function]}
              />
            </Switch>,
          ],
          "value": undefined,
        },
        "ref": null,
        "rendered": Array [
          Object {
            "instance": null,
            "key": undefined,
            "nodeType": "class",
            "props": Object {},
            "ref": null,
            "rendered": null,
            "type": [Function],
          },
          Object {
            "instance": null,
            "key": undefined,
            "nodeType": "class",
            "props": Object {
              "title": "Holiday",
            },
            "ref": null,
            "rendered": null,
            "type": [Function],
          },
          Object {
            "instance": null,
            "key": undefined,
            "nodeType": "class",
            "props": Object {
              "children": <Route
                render={[Function]}
              />,
            },
            "ref": null,
            "rendered": Object {
              "instance": null,
              "key": undefined,
              "nodeType": "class",
              "props": Object {
                "render": [Function],
              },
              "ref": null,
              "rendered": null,
              "type": [Function],
            },
            "type": [Function],
          },
        ],
        "type": Object {
          "$$typeof": Symbol(react.provider),
          "_context": Object {
            "$$typeof": Symbol(react.context),
            "Consumer": [Circular],
            "Provider": [Circular],
            "_calculateChangedBits": null,
            "_changedBits": 0,
            "_changedBits2": 0,
            "_currentRenderer": null,
            "_currentRenderer2": null,
            "_currentValue": undefined,
            "_currentValue2": undefined,
            "_defaultValue": undefined,
          },
        },
      },
      "type": "div",
    },
  ],
  Symbol(enzyme.__options__): Object {
    "adapter": ReactSixteenAdapter {
      "options": Object {
        "enableComponentDidUpdateOnSetState": true,
      },
    },
  },
}
`;
